lookup entries 10000000
lookup entries 20000000
lookup entries 30000000
lookup entries 40000000
lookup entries 50000000
database pairs 5000000
database pairs 10000000
orthohmm_high_sensitivity eligible 9032719 log match True
database pairs 5000000
orthohmm_phylogeny_satellite_v2 eligible 5959560 log match True
database pairs 5000000
database pairs 10000000
database pairs 15000000
orthofinder_3_1_5_full eligible 14215382 log match True
database pairs 5000000
database pairs 10000000
database pairs 15000000
database pairs 20000000
database pairs 25000000
database pairs 30000000
database pairs 35000000
database pairs 40000000
database pairs 45000000
database pairs 50000000
database pairs 55000000
database pairs 60000000
database pairs 65000000
database pairs 70000000
database pairs 75000000
database pairs 80000000
database pairs 85000000
database pairs 90000000
database pairs 95000000
database pairs 100000000
database pairs 105000000
database pairs 110000000
database pairs 115000000
database pairs 120000000
database pairs 125000000
database pairs 130000000
database pairs 135000000
database pairs 140000000
database pairs 145000000
database pairs 150000000
database pairs 155000000
database pairs 160000000
database pairs 165000000
database pairs 170000000
database pairs 175000000
database pairs 180000000
database pairs 185000000
database pairs 190000000
database pairs 195000000
database pairs 200000000
database pairs 205000000
database pairs 210000000
database pairs 215000000
database pairs 220000000
orthofinder_3_1_5_sequence_only eligible 163277439 log match True
database pairs 5000000
database pairs 10000000
database pairs 15000000
database pairs 20000000
sonicparanoid_2_0_9 eligible 15248739 log match True
database pairs 5000000
proteinortho_6_3_6 eligible 4695385 log match True
slurmstepd: error: *** JOB 22382 ON bizon CANCELLED AT 2026-09-30T15:29:49 DUE TO TIME LIMIT ***
