lookup entries 10000000
lookup entries 20000000
lookup entries 30000000
lookup entries 40000000
lookup entries 50000000
orthohmm_high_sensitivity reused eligible 9032719
orthohmm_phylogeny_satellite_v2 reused eligible 5959560
orthofinder_3_1_5_full reused eligible 14215382
orthofinder_3_1_5_sequence_only reused eligible 163277439
sonicparanoid_2_0_9 reused eligible 15248739
proteinortho_6_3_6 reused eligible 4695385
database pairs 5000000
database pairs 10000000
database pairs 15000000
database pairs 20000000
fastoma_0_3_5 recounted eligible 15008180
database pairs 5000000
database pairs 10000000
database pairs 15000000
orthomcl_1_4 recounted eligible 14378089
